
// ==========================================================================
//  GPLEX error listing for lex source file <SimpleLex.lex>
// ==========================================================================
//  Version:  1.2.0
//  Machine:  MIL8A-202A-08
//  DateTime: 18.10.2019 21:03:01
//  UserName: user
// ==========================================================================


%using SimpleParser;
%using QUT.Gppg;
%using System.Linq;

%namespace SimpleScanner

Alpha 	[a-zA-Z_]
Digit   [0-9] 
AlphaDigit {Alpha}|{Digit}
INTNUM  {Digit}+
REALNUM {INTNUM}\.{INTNUM}
ID {Alpha}{AlphaDigit}* 

%%

{INTNUM} { 
  return (int)Tokens.INUM; 
}

{REALNUM} { 
  return (int)Tokens.RNUM;
}

{ID}  { 
  int res = ScannerHelper.GetIDToken(yytext);
  return res;
}

":=" { return (int)Tokens.ASSIGN; }
";"  { return (int)Tokens.SEMICOLON; }
"("  {return (int)Tokens.OPENP; }
// Warning: This pattern always overrides ""("" 
// ---------------------------------------------
"("  {return (int)Tokens.CLOSEP; }
// Warning: This pattern always overridden by ""("" 
// -------------------------------------------------


[^ \r\n] {
	LexError();
	return (int)Tokens.EOF; // êîíåö ðàçáîðà
}

%{
  yylloc = new LexLocation(tokLin, tokCol, tokELin, tokECol); // ïîçèöèÿ ñèìâîëà (òåðìèíàëüíîãî èëè íåòåðìèíàëüíîãî), âîçâðàùàåìàÿ @1 @2 è ò.ä.
%}

%%

public override void yyerror(string format, params object[] args) // îáðàáîòêà ñèíòàêñè÷åñêèõ îøèáîê
{
  var ww = args.Skip(1).Cast<string>().ToArray();
  string errorMsg = string.Format("({0},{1}): Âñòðå÷åíî {2}, à îæèäàëîñü {3}", yyline, yycol, args[0], string.Join(" èëè ", ww));
  throw new SyntaxException(errorMsg);
}

public void LexError()
{
	string errorMsg = string.Format("({0},{1}): Íåèçâåñòíûé ñèìâîë {2}", yyline, yycol, yytext);
    throw new LexException(errorMsg);
}

class ScannerHelper 
{
  private static Dictionary<string,int> keywords;

  static ScannerHelper() 
  {
    keywords = new Dictionary<string,int>();
    keywords.Add("begin",(int)Tokens.BEGIN);
    keywords.Add("end",(int)Tokens.END);
    keywords.Add("cycle",(int)Tokens.CYCLE);
	keywords.Add("repeat",(int)Tokens.REPEAT);
	keywords.Add("until",(int)Tokens.UNTIL);
	keywords.Add("while",(int)Tokens.WHILE);
	keywords.Add("do",(int)Tokens.DO);
	keywords.Add("if",(int)Tokens.IF);
	keywords.Add("then",(int)Tokens.THEN);
	keywords.Add("else",(int)Tokens.ELSE);
	keywords.Add("for",(int)Tokens.FOR);
	keywords.Add("to",(int)Tokens.TO);
	keywords.Add("write",(int)Tokens.WRITE);
	
  }
  public static int GetIDToken(string s)
  {
    if (keywords.ContainsKey(s.ToLower())) // ÿçûê íå÷óâñòâèòåëåí ê ðåãèñòðó
      return keywords[s];
    else
      return (int)Tokens.ID;
  }
}
// ==========================================================================

