
// ==========================================================================
//  GPPG error listing for yacc source file <SimpleYacc.y - 18.10.2019 21:11:23>
// ==========================================================================
//  Version:  1.5.0
//  Machine:  MIL8A-202A-08
//  DateTime: 18.10.2019 21:11:33
//  UserName: user
// ==========================================================================


%{
// Ýòè îáúÿâëåíèÿ äîáàâëÿþòñÿ â êëàññ GPPGParser, ïðåäñòàâëÿþùèé ñîáîé ïàðñåð, ãåíåðèðóåìûé ñèñòåìîé gppg
    public Parser(AbstractScanner<int, LexLocation> scanner) : base(scanner) { }
%}

%output = SimpleYacc.cs

%namespace SimpleParser

%token BEGIN END CYCLE INUM RNUM ID ASSIGN SEMICOLON REPEAT UNTIL WHILE DO IF THEN ELSE FOR TO OPENP CLOSEP WRITE VAR COMMA

%%
// Error: NonTerminal symbol "PLUS" has no productions
// Error: NonTerminal symbol "MINUS" has no productions
// Error: NonTerminal symbol "DELIM" has no productions
// Error: NonTerminal symbol "MULT" has no productions
// Warning: Terminating DELIM fixes the following size-1 NonTerminal set
   // {DELIM}
// Warning: Terminating MINUS fixes the following size-1 NonTerminal set
   // {MINUS}
// Error: There are 4 non-terminating NonTerminal Symbols
   //  {MINUS, PLUS, MULT, DELIM}
// Warning: Terminating MULT fixes the following size-1 NonTerminal set
   // {MULT}
// Warning: Terminating PLUS fixes the following size-1 NonTerminal set
   // {PLUS}
// ---------------------------------------------------------------------

progr   : block
		;

stlist	: statement 
		| stlist SEMICOLON statement 
		;

statement: assign
		| block  
		| cycle  
		| repeat
		| while
		| if
		| write
		| var
		;

ident 	: ID 
		;
		
identlist : ID 
		| ID COMMA identlist
		;

assign 	: ident ASSIGN expr 
		;

expr	: ident  
		| INUM 
		| e1
		;
e1		: e2
		| e1 MINUS e2
		| e1 PLUS e2
		;

e2		: e3
		| e2 MULT e3
		| e2 DELIM e3
		;

e3		: ident | INUM | RNUM | OPENP expr CLOSEP
		;

block	: BEGIN stlist END 
		;

cycle	: CYCLE expr statement 
		;

repeat  : REPEAT stlist UNTIL expr
		;

while   : WHILE expr DO statement
		;

if		: IF expr THEN statement
		| IF expr THEN statement ELSE statement
		;

while   : FOR assign TO expr DO statement
		;

write   : WRITE OPENP expr CLOSEP
		;

var		: VAR identlist
		;
%%
// ==========================================================================

